2026-08-16T16:39:56+00:00 vehicle batch run starting: 1 video(s) eligible (retry_failed=False)
2026-08-16T16:39:56+00:00 -> cvc_10_savadatti_road_cam_1_20260723_0800 (Data Corp /DC646KA01 - Traffic & Transport Primary Surveys Hubballi-Dharwad in the state of Karnataka/CVC - 24 hour CVC/CVC 10 - Savadatti Road/Cam 1/2026-07-23/08.00.00-09.00.00[R][0@0][0].dav)
2026-08-16T17:35:00+00:00 <- cvc_10_savadatti_road_cam_1_20260723_0800 done
2026-08-16T17:35:00+00:00 vehicle batch run finished: 1 done, 0 failed this run
2026-08-16T19:06:24+00:00 vehicle batch run starting: 14 video(s) eligible (retry_failed=False)
2026-08-16T19:06:24+00:00 -> cvc_11_oc7_cam_1_eb_20260721_0800 (Data Corp /DC646KA01 - Traffic & Transport Primary Surveys Hubballi-Dharwad in the state of Karnataka/CVC - 24 hour CVC/CVC 11 - OC7/Cam 1 - EB/2026-07-21/08.00.00-09.00.00[R][0@0][0].dav)
2026-08-16T19:35:58+00:00 <- cvc_11_oc7_cam_1_eb_20260721_0800 done
2026-08-16T19:35:58+00:00 -> cvc_11_oc7_cam_2_wb_20260721_0800 (Data Corp /DC646KA01 - Traffic & Transport Primary Surveys Hubballi-Dharwad in the state of Karnataka/CVC - 24 hour CVC/CVC 11 - OC7/Cam 2 - WB/2026-07-21/08.00.00-09.00.00[R][0@0][0].dav)
2026-08-16T20:17:11+00:00 <- cvc_11_oc7_cam_2_wb_20260721_0800 done
2026-08-16T20:17:11+00:00 -> cvc_3_haliyal_road_cam_1_20260721_0800 (Data Corp /DC646KA01 - Traffic & Transport Primary Surveys Hubballi-Dharwad in the state of Karnataka/CVC - 24 hour CVC/CVC 3 - Haliyal Road/Cam 1/2026-07-21/08.00.00-09.00.00[R][0@0][0].dav)
2026-08-16T20:57:00+00:00 <- cvc_3_haliyal_road_cam_1_20260721_0800 done
2026-08-16T20:57:00+00:00 -> cvc_4_kalaghadgi_road_cam_1_20260721_0800 (Data Corp /DC646KA01 - Traffic & Transport Primary Surveys Hubballi-Dharwad in the state of Karnataka/CVC - 24 hour CVC/CVC 4 - Kalaghadgi Road/Cam 1/2026-07-21/08.00.00-09.00.00[R][0@0][0].dav)
2026-08-16T21:27:25+00:00 <- cvc_4_kalaghadgi_road_cam_1_20260721_0800 done
2026-08-16T21:27:25+00:00 -> cvc_5_anchatgeri_road_cam_1_ir_20260724_0800 (Data Corp /DC646KA01 - Traffic & Transport Primary Surveys Hubballi-Dharwad in the state of Karnataka/CVC - 24 hour CVC/CVC 5 - Anchatgeri Road/Cam 1 - IR/2026-07-24/08.00.00-09.00.00[R][0@0][0].dav)
2026-08-16T22:03:23+00:00 <- cvc_5_anchatgeri_road_cam_1_ir_20260724_0800 done
2026-08-16T22:03:23+00:00 -> cvc_5_anchatgeri_road_cam_2_20260724_0804 (Data Corp /DC646KA01 - Traffic & Transport Primary Surveys Hubballi-Dharwad in the state of Karnataka/CVC - 24 hour CVC/CVC 5 - Anchatgeri Road/Cam 2/2026-07-24/20260724_080403_tp00058.mp4)
2026-08-16T22:18:04+00:00 <- cvc_5_anchatgeri_road_cam_2_20260724_0804 done
2026-08-16T22:18:04+00:00 -> cvc_6_nh_48_cam_1_nb_20260725_0800 (Data Corp /DC646KA01 - Traffic & Transport Primary Surveys Hubballi-Dharwad in the state of Karnataka/CVC - 24 hour CVC/CVC 6 - NH-48/Cam 1 - NB/2026-07-25/08.00.00-09.00.00[R][0@0][0].dav)
2026-08-16T22:47:22+00:00 <- cvc_6_nh_48_cam_1_nb_20260725_0800 done
2026-08-16T22:47:22+00:00 -> cvc_6_nh_48_cam_2_sb_20260725_0800 (Data Corp /DC646KA01 - Traffic & Transport Primary Surveys Hubballi-Dharwad in the state of Karnataka/CVC - 24 hour CVC/CVC 6 - NH-48/Cam 2 - SB/2026-07-25/08.00.00-09.00.00[R][0@0][0].dav)
2026-08-16T23:25:33+00:00 <- cvc_6_nh_48_cam_2_sb_20260725_0800 done
2026-08-16T23:25:33+00:00 -> cvc_7_gadag_road_cam_1_eb_20260722_0800 (Data Corp /DC646KA01 - Traffic & Transport Primary Surveys Hubballi-Dharwad in the state of Karnataka/CVC - 24 hour CVC/CVC 7 - Gadag Road/Cam 1 - EB/2026-07-22/08.00.00-09.00.00[R][0@0][0].dav)
2026-08-17T00:02:01+00:00 <- cvc_7_gadag_road_cam_1_eb_20260722_0800 done
2026-08-17T00:02:01+00:00 -> cvc_7_gadag_road_cam_2_wb_20260722_0800 (Data Corp /DC646KA01 - Traffic & Transport Primary Surveys Hubballi-Dharwad in the state of Karnataka/CVC - 24 hour CVC/CVC 7 - Gadag Road/Cam 2 - WB/2026-07-22/08.00.00-09.00.00[R][0@0][0].dav)
2026-08-17T00:38:33+00:00 <- cvc_7_gadag_road_cam_2_wb_20260722_0800 done
2026-08-17T00:38:33+00:00 -> cvc_8_vijaypur_road_cam_1_20260722_0800 (Data Corp /DC646KA01 - Traffic & Transport Primary Surveys Hubballi-Dharwad in the state of Karnataka/CVC - 24 hour CVC/CVC 8 - Vijaypur Road/Cam 1/2026-07-22/08.00.00-09.00.00[R][0@0][0].dav)
2026-08-17T01:15:29+00:00 <- cvc_8_vijaypur_road_cam_1_20260722_0800 done
2026-08-17T01:15:29+00:00 -> cvc_9_gopankoppa_road_cam_1_20260723_0800 (Data Corp /DC646KA01 - Traffic & Transport Primary Surveys Hubballi-Dharwad in the state of Karnataka/CVC - 24 hour CVC/CVC 9 - Gopankoppa Road/Cam 1/2026-07-23/08.00.00-09.00.00[R][0@0][0].dav)
2026-08-17T01:24:50+00:00 <- cvc_9_gopankoppa_road_cam_1_20260723_0800 done
2026-08-17T01:24:50+00:00 -> cvc_10_savadatti_road_cam_1_20260723_1700 (Data Corp /DC646KA01 - Traffic & Transport Primary Surveys Hubballi-Dharwad in the state of Karnataka/CVC - 24 hour CVC/CVC 10 - Savadatti Road/Cam 1/2026-07-23/17.00.00-18.00.00[R][0@0][0].dav)
2026-08-17T01:53:54+00:00 <- cvc_10_savadatti_road_cam_1_20260723_1700 done
2026-08-17T01:53:54+00:00 -> cvc_11_oc7_cam_1_eb_20260721_1700 (Data Corp /DC646KA01 - Traffic & Transport Primary Surveys Hubballi-Dharwad in the state of Karnataka/CVC - 24 hour CVC/CVC 11 - OC7/Cam 1 - EB/2026-07-21/17.00.00-18.00.00[R][0@0][0].dav)
2026-08-17T02:25:15+00:00 <- cvc_11_oc7_cam_1_eb_20260721_1700 done
2026-08-17T02:25:15+00:00 vehicle batch run finished: 14 done, 0 failed this run
