2026-08-17T01:15:29+00:00 === processing cvc_9_gopankoppa_road_cam_1_20260723_0800 (drive_path=Data Corp /DC646KA01 - Traffic & Transport Primary Surveys Hubballi-Dharwad in the state of Karnataka/CVC - 24 hour CVC/CVC 9 - Gopankoppa Road/Cam 1/2026-07-23/08.00.00-09.00.00[R][0@0][0].dav) ===
2026-08-17T01:15:29+00:00 stage=download start
2026-08-17T01:15:29+00:00 Download attempt 1/3: googledrive:Data Corp /DC646KA01 - Traffic & Transport Primary Surveys Hubballi-Dharwad in the state of Karnataka/CVC - 24 hour CVC/CVC 9 - Gopankoppa Road/Cam 1/2026-07-23/08.00.00-09.00.00[R][0@0][0].dav -> /storage/users/oauser/mvsa/work/vehicle_downloads/cvc_9_gopankoppa_road_cam_1_20260723_0800.dav
2026-08-17T01:15:56+00:00 Downloaded 1889056797 bytes -> /storage/users/oauser/mvsa/work/vehicle_downloads/cvc_9_gopankoppa_road_cam_1_20260723_0800.dav
2026-08-17T01:15:56+00:00 stage=download ok
2026-08-17T01:15:56+00:00 stage=convert start
2026-08-17T01:15:56+00:00 Remuxing /storage/users/oauser/mvsa/work/vehicle_downloads/cvc_9_gopankoppa_road_cam_1_20260723_0800.dav -> /storage/users/oauser/mvsa/work/vehicle_converted/cvc_9_gopankoppa_road_cam_1_20260723_0800.mp4
2026-08-17T01:16:00+00:00 Converted: /storage/users/oauser/mvsa/work/vehicle_converted/cvc_9_gopankoppa_road_cam_1_20260723_0800.mp4 (1887726373 bytes)
2026-08-17T01:16:00+00:00 stage=convert ok
2026-08-17T01:16:00+00:00 cleanup: removed source .dav /storage/users/oauser/mvsa/work/vehicle_downloads/cvc_9_gopankoppa_road_cam_1_20260723_0800.dav
2026-08-17T01:16:00+00:00 stage=process start

$ /storage/users/oauser/mvsa/env/bin/python /storage/users/oauser/mvsa/scripts/vehicle_counting/vehicle_counter.py --config /storage/users/oauser/mvsa/config/vehicle_config.yaml --run-name cvc_9_gopankoppa_road_cam_1_20260723_0800 --video /storage/users/oauser/mvsa/work/vehicle_converted/cvc_9_gopankoppa_road_cam_1_20260723_0800.mp4 --start-datetime 2026-07-23 08:00:00
2026-08-16 18:16:02 [WARNING] mvsa.vehicle_counting: Dependency check: torch version is 2.3.0+cu121, expected 2.1.0+cu118 (the cluster's working environment). If this run is on the research server, verify nothing (e.g. pip installing insightface without --no-deps) upgraded it.
2026-08-16 18:16:04 [WARNING] mvsa.vehicle_counting: Dependency check: torchvision version is 0.18.0+cu121, expected 0.16.0+cu118 (the cluster's working environment). If this run is on the research server, verify nothing (e.g. pip installing insightface without --no-deps) upgraded it.
2026-08-16 18:16:04 [INFO] mvsa.vehicle_counting: Dependency check: numpy 1.26.1 OK
2026-08-16 18:16:04 [INFO] mvsa.vehicle_counting: Starting vehicle count run_name=cvc_9_gopankoppa_road_cam_1_20260723_0800 video=/storage/users/oauser/mvsa/work/vehicle_converted/cvc_9_gopankoppa_road_cam_1_20260723_0800.mp4 (1920x1080, ~21598 frames, 100.0 fps), classes={1: 'BICYCLE', 3: 'MOTORCYCLE', 2: 'CAR', 5: 'BUS'}
2026-08-16 18:16:55 [INFO] mvsa.vehicle_counting: Progress: frame 2000/21598, counts={'BICYCLE': 0, 'MOTORCYCLE': 8, 'CAR': 3, 'BUS': 5}, elapsed=48.6s
2026-08-16 18:17:42 [INFO] mvsa.vehicle_counting: Progress: frame 4000/21598, counts={'BICYCLE': 0, 'MOTORCYCLE': 19, 'CAR': 4, 'BUS': 10}, elapsed=96.0s
2026-08-16 18:18:31 [INFO] mvsa.vehicle_counting: Progress: frame 6000/21598, counts={'BICYCLE': 0, 'MOTORCYCLE': 25, 'CAR': 14, 'BUS': 10}, elapsed=144.6s
2026-08-16 18:19:18 [INFO] mvsa.vehicle_counting: Progress: frame 8000/21598, counts={'BICYCLE': 0, 'MOTORCYCLE': 38, 'CAR': 28, 'BUS': 10}, elapsed=192.4s
2026-08-16 18:20:07 [INFO] mvsa.vehicle_counting: Progress: frame 10000/21598, counts={'BICYCLE': 0, 'MOTORCYCLE': 60, 'CAR': 36, 'BUS': 12}, elapsed=240.5s
2026-08-16 18:20:54 [INFO] mvsa.vehicle_counting: Progress: frame 12000/21598, counts={'BICYCLE': 0, 'MOTORCYCLE': 72, 'CAR': 46, 'BUS': 16}, elapsed=288.3s
2026-08-16 18:21:43 [INFO] mvsa.vehicle_counting: Progress: frame 14000/21598, counts={'BICYCLE': 0, 'MOTORCYCLE': 106, 'CAR': 55, 'BUS': 16}, elapsed=336.8s
2026-08-16 18:22:31 [INFO] mvsa.vehicle_counting: Progress: frame 16000/21598, counts={'BICYCLE': 0, 'MOTORCYCLE': 141, 'CAR': 59, 'BUS': 16}, elapsed=385.4s
2026-08-16 18:23:20 [INFO] mvsa.vehicle_counting: Progress: frame 18000/21598, counts={'BICYCLE': 0, 'MOTORCYCLE': 175, 'CAR': 74, 'BUS': 20}, elapsed=434.2s
2026-08-16 18:24:09 [INFO] mvsa.vehicle_counting: Progress: frame 20000/21598, counts={'BICYCLE': 0, 'MOTORCYCLE': 198, 'CAR': 82, 'BUS': 27}, elapsed=483.2s
2026-08-16 18:24:48 [INFO] mvsa.vehicle_counting: Finished: 21598 frames processed in 522.3s, counts={'BICYCLE': 0, 'MOTORCYCLE': 226, 'CAR': 85, 'BUS': 35}
2026-08-16 18:24:48 [INFO] mvsa.vehicle_counting: Wrote /storage/users/oauser/mvsa/results/cvc_9_gopankoppa_road_cam_1_20260723_0800/hourly_vehicle_counts.csv
2026-08-16 18:24:48 [INFO] mvsa.vehicle_counting: Wrote /storage/users/oauser/mvsa/results/cvc_9_gopankoppa_road_cam_1_20260723_0800/vehicle_tracks.csv
2026-08-16 18:24:48 [INFO] mvsa.vehicle_counting: Wrote /storage/users/oauser/mvsa/results/cvc_9_gopankoppa_road_cam_1_20260723_0800/run_summary.json
2026-08-16 18:24:48 [INFO] mvsa.vehicle_counting: Run complete. Summary: {'run_name': 'cvc_9_gopankoppa_road_cam_1_20260723_0800', 'video_path': '/storage/users/oauser/mvsa/work/vehicle_converted/cvc_9_gopankoppa_road_cam_1_20260723_0800.mp4', 'video_info': {'width': 1920, 'height': 1080, 'fps': 100.0, 'frame_count': 21598}, 'config_fps_used': 100.0, 'start_datetime': '2026-07-23 08:00:00', 'total_vehicle_entries': 346, 'total_tracks_observed': 346, 'counts_by_bucket': {'MOTORCYCLE': 226, 'BUS': 35, 'CAR': 85}, 'class_coverage': {'detected_buckets': ['BICYCLE', 'MOTORCYCLE', 'CAR', 'BUS'], 'requested_label_status': {'TAXI': 'CAR', 'Slow Vehicle': 'pending_fine_tune', 'School Bus': 'BUS', 'Private Bus': 'BUS', 'Mini Bus': 'BUS', 'KSRTC Bus': 'BUS', 'Goods Vehicle': 'pending_fine_tune', 'FARM VEHICLE': 'pending_fine_tune', 'evCAR': 'CAR', 'EMERGENCY VEHICLE': 'pending_fine_tune', 'E-RICKSAW': 'pending_fine_tune', 'City Bus': 'BUS', 'CAR': 'CAR', 'BRTS Bus': 'BUS', 'AUTO RICKSAW': 'pending_fine_tune', '2 WHEELER': 'MOTORCYCLE + BICYCLE (tracked separately)'}, 'pending_fine_tune': ['Slow Vehicle', 'Goods Vehicle', 'FARM VEHICLE', 'EMERGENCY VEHICLE', 'E-RICKSAW', 'AUTO RICKSAW']}, 'elapsed_seconds': 522.3131375312805, 'generated_at': '2026-08-16T18:24:48.846363'}
Done. Results written to: /storage/users/oauser/mvsa/results/cvc_9_gopankoppa_road_cam_1_20260723_0800
{"run_name": "cvc_9_gopankoppa_road_cam_1_20260723_0800", "video_path": "/storage/users/oauser/mvsa/work/vehicle_converted/cvc_9_gopankoppa_road_cam_1_20260723_0800.mp4", "video_info": {"width": 1920, "height": 1080, "fps": 100.0, "frame_count": 21598}, "config_fps_used": 100.0, "start_datetime": "2026-07-23 08:00:00", "total_vehicle_entries": 346, "total_tracks_observed": 346, "counts_by_bucket": {"MOTORCYCLE": 226, "BUS": 35, "CAR": 85}, "class_coverage": {"detected_buckets": ["BICYCLE", "MOTORCYCLE", "CAR", "BUS"], "requested_label_status": {"TAXI": "CAR", "Slow Vehicle": "pending_fine_tune", "School Bus": "BUS", "Private Bus": "BUS", "Mini Bus": "BUS", "KSRTC Bus": "BUS", "Goods Vehicle": "pending_fine_tune", "FARM VEHICLE": "pending_fine_tune", "evCAR": "CAR", "EMERGENCY VEHICLE": "pending_fine_tune", "E-RICKSAW": "pending_fine_tune", "City Bus": "BUS", "CAR": "CAR", "BRTS Bus": "BUS", "AUTO RICKSAW": "pending_fine_tune", "2 WHEELER": "MOTORCYCLE + BICYCLE (tracked separately)"}, "pending_fine_tune": ["Slow Vehicle", "Goods Vehicle", "FARM VEHICLE", "EMERGENCY VEHICLE", "E-RICKSAW", "AUTO RICKSAW"]}, "elapsed_seconds": 522.3131375312805, "generated_at": "2026-08-16T18:24:48.846363"}
2026-08-17T01:24:49+00:00 stage=process ok
2026-08-17T01:24:49+00:00 results taxonomy populated
2026-08-17T01:24:50+00:00 cleanup: removed converted .mp4 /storage/users/oauser/mvsa/work/vehicle_converted/cvc_9_gopankoppa_road_cam_1_20260723_0800.mp4
