2026-08-16T22:03:23+00:00 === processing cvc_5_anchatgeri_road_cam_2_20260724_0804 (drive_path=Data Corp /DC646KA01 - Traffic & Transport Primary Surveys Hubballi-Dharwad in the state of Karnataka/CVC - 24 hour CVC/CVC 5 - Anchatgeri Road/Cam 2/2026-07-24/20260724_080403_tp00058.mp4) ===
2026-08-16T22:03:23+00:00 stage=download start
2026-08-16T22:03:23+00:00 Download attempt 1/3: googledrive:Data Corp /DC646KA01 - Traffic & Transport Primary Surveys Hubballi-Dharwad in the state of Karnataka/CVC - 24 hour CVC/CVC 5 - Anchatgeri Road/Cam 2/2026-07-24/20260724_080403_tp00058.mp4 -> /storage/users/oauser/mvsa/work/vehicle_downloads/cvc_5_anchatgeri_road_cam_2_20260724_0804.dav
2026-08-16T22:03:32+00:00 Downloaded 268435456 bytes -> /storage/users/oauser/mvsa/work/vehicle_downloads/cvc_5_anchatgeri_road_cam_2_20260724_0804.dav
2026-08-16T22:03:32+00:00 stage=download ok
2026-08-16T22:03:32+00:00 stage=convert start
2026-08-16T22:03:32+00:00 Remuxing /storage/users/oauser/mvsa/work/vehicle_downloads/cvc_5_anchatgeri_road_cam_2_20260724_0804.dav -> /storage/users/oauser/mvsa/work/vehicle_converted/cvc_5_anchatgeri_road_cam_2_20260724_0804.mp4
2026-08-16T22:03:33+00:00 Converted: /storage/users/oauser/mvsa/work/vehicle_converted/cvc_5_anchatgeri_road_cam_2_20260724_0804.mp4 (236394139 bytes)
2026-08-16T22:03:33+00:00 stage=convert ok
2026-08-16T22:03:33+00:00 cleanup: removed source .dav /storage/users/oauser/mvsa/work/vehicle_downloads/cvc_5_anchatgeri_road_cam_2_20260724_0804.dav
2026-08-16T22:03:33+00:00 stage=process start

$ /storage/users/oauser/mvsa/env/bin/python /storage/users/oauser/mvsa/scripts/vehicle_counting/vehicle_counter.py --config /storage/users/oauser/mvsa/config/vehicle_config.yaml --run-name cvc_5_anchatgeri_road_cam_2_20260724_0804 --video /storage/users/oauser/mvsa/work/vehicle_converted/cvc_5_anchatgeri_road_cam_2_20260724_0804.mp4 --start-datetime 2026-07-24 08:04:03
2026-08-16 15:03:35 [WARNING] mvsa.vehicle_counting: Dependency check: torch version is 2.3.0+cu121, expected 2.1.0+cu118 (the cluster's working environment). If this run is on the research server, verify nothing (e.g. pip installing insightface without --no-deps) upgraded it.
2026-08-16 15:03:36 [WARNING] mvsa.vehicle_counting: Dependency check: torchvision version is 0.18.0+cu121, expected 0.16.0+cu118 (the cluster's working environment). If this run is on the research server, verify nothing (e.g. pip installing insightface without --no-deps) upgraded it.
2026-08-16 15:03:36 [INFO] mvsa.vehicle_counting: Dependency check: numpy 1.26.1 OK
2026-08-16 15:03:36 [INFO] mvsa.vehicle_counting: Starting vehicle count run_name=cvc_5_anchatgeri_road_cam_2_20260724_0804 video=/storage/users/oauser/mvsa/work/vehicle_converted/cvc_5_anchatgeri_road_cam_2_20260724_0804.mp4 (2304x1296, ~35200 frames, 20.0 fps), classes={1: 'BICYCLE', 3: 'MOTORCYCLE', 2: 'CAR', 5: 'BUS'}
2026-08-16 15:04:27 [INFO] mvsa.vehicle_counting: Progress: frame 2000/35200, counts={'BICYCLE': 0, 'MOTORCYCLE': 15, 'CAR': 5, 'BUS': 8}, elapsed=49.9s
2026-08-16 15:05:16 [INFO] mvsa.vehicle_counting: Progress: frame 4000/35200, counts={'BICYCLE': 0, 'MOTORCYCLE': 40, 'CAR': 12, 'BUS': 15}, elapsed=98.8s
2026-08-16 15:06:04 [INFO] mvsa.vehicle_counting: Progress: frame 6000/35200, counts={'BICYCLE': 0, 'MOTORCYCLE': 68, 'CAR': 15, 'BUS': 20}, elapsed=147.2s
2026-08-16 15:06:52 [INFO] mvsa.vehicle_counting: Progress: frame 8000/35200, counts={'BICYCLE': 0, 'MOTORCYCLE': 76, 'CAR': 16, 'BUS': 24}, elapsed=195.2s
2026-08-16 15:07:41 [INFO] mvsa.vehicle_counting: Progress: frame 10000/35200, counts={'BICYCLE': 0, 'MOTORCYCLE': 87, 'CAR': 20, 'BUS': 25}, elapsed=244.5s
2026-08-16 15:08:30 [INFO] mvsa.vehicle_counting: Progress: frame 12000/35200, counts={'BICYCLE': 0, 'MOTORCYCLE': 97, 'CAR': 25, 'BUS': 25}, elapsed=292.9s
2026-08-16 15:09:19 [INFO] mvsa.vehicle_counting: Progress: frame 14000/35200, counts={'BICYCLE': 0, 'MOTORCYCLE': 105, 'CAR': 32, 'BUS': 28}, elapsed=342.0s
2026-08-16 15:10:08 [INFO] mvsa.vehicle_counting: Progress: frame 16000/35200, counts={'BICYCLE': 1, 'MOTORCYCLE': 122, 'CAR': 41, 'BUS': 33}, elapsed=391.4s
2026-08-16 15:10:59 [INFO] mvsa.vehicle_counting: Progress: frame 18000/35200, counts={'BICYCLE': 1, 'MOTORCYCLE': 141, 'CAR': 47, 'BUS': 45}, elapsed=442.5s
2026-08-16 15:11:49 [INFO] mvsa.vehicle_counting: Progress: frame 20000/35200, counts={'BICYCLE': 1, 'MOTORCYCLE': 156, 'CAR': 51, 'BUS': 49}, elapsed=492.0s
2026-08-16 15:12:39 [INFO] mvsa.vehicle_counting: Progress: frame 22000/35200, counts={'BICYCLE': 1, 'MOTORCYCLE': 176, 'CAR': 59, 'BUS': 51}, elapsed=542.1s
2026-08-16 15:13:28 [INFO] mvsa.vehicle_counting: Progress: frame 24000/35200, counts={'BICYCLE': 1, 'MOTORCYCLE': 206, 'CAR': 66, 'BUS': 58}, elapsed=591.2s
2026-08-16 15:14:17 [INFO] mvsa.vehicle_counting: Progress: frame 26000/35200, counts={'BICYCLE': 1, 'MOTORCYCLE': 221, 'CAR': 73, 'BUS': 63}, elapsed=640.1s
2026-08-16 15:15:07 [INFO] mvsa.vehicle_counting: Progress: frame 28000/35200, counts={'BICYCLE': 1, 'MOTORCYCLE': 235, 'CAR': 82, 'BUS': 65}, elapsed=690.4s
2026-08-16 15:15:56 [INFO] mvsa.vehicle_counting: Progress: frame 30000/35200, counts={'BICYCLE': 1, 'MOTORCYCLE': 246, 'CAR': 84, 'BUS': 68}, elapsed=739.3s
2026-08-16 15:16:45 [INFO] mvsa.vehicle_counting: Progress: frame 32000/35200, counts={'BICYCLE': 1, 'MOTORCYCLE': 256, 'CAR': 91, 'BUS': 72}, elapsed=788.5s
2026-08-16 15:17:34 [INFO] mvsa.vehicle_counting: Progress: frame 34000/35200, counts={'BICYCLE': 1, 'MOTORCYCLE': 275, 'CAR': 102, 'BUS': 74}, elapsed=837.2s
2026-08-16 15:18:03 [INFO] mvsa.vehicle_counting: Finished: 35200 frames processed in 866.5s, counts={'BICYCLE': 1, 'MOTORCYCLE': 298, 'CAR': 105, 'BUS': 76}
2026-08-16 15:18:03 [INFO] mvsa.vehicle_counting: Wrote /storage/users/oauser/mvsa/results/cvc_5_anchatgeri_road_cam_2_20260724_0804/hourly_vehicle_counts.csv
2026-08-16 15:18:03 [INFO] mvsa.vehicle_counting: Wrote /storage/users/oauser/mvsa/results/cvc_5_anchatgeri_road_cam_2_20260724_0804/vehicle_tracks.csv
2026-08-16 15:18:03 [INFO] mvsa.vehicle_counting: Wrote /storage/users/oauser/mvsa/results/cvc_5_anchatgeri_road_cam_2_20260724_0804/run_summary.json
2026-08-16 15:18:03 [INFO] mvsa.vehicle_counting: Run complete. Summary: {'run_name': 'cvc_5_anchatgeri_road_cam_2_20260724_0804', 'video_path': '/storage/users/oauser/mvsa/work/vehicle_converted/cvc_5_anchatgeri_road_cam_2_20260724_0804.mp4', 'video_info': {'width': 2304, 'height': 1296, 'fps': 20.0, 'frame_count': 35200}, 'config_fps_used': 20.0, 'start_datetime': '2026-07-24 08:04:03', 'total_vehicle_entries': 480, 'total_tracks_observed': 480, 'counts_by_bucket': {'BUS': 76, 'MOTORCYCLE': 298, 'CAR': 105, 'BICYCLE': 1}, 'class_coverage': {'detected_buckets': ['BICYCLE', 'MOTORCYCLE', 'CAR', 'BUS'], 'requested_label_status': {'TAXI': 'CAR', 'Slow Vehicle': 'pending_fine_tune', 'School Bus': 'BUS', 'Private Bus': 'BUS', 'Mini Bus': 'BUS', 'KSRTC Bus': 'BUS', 'Goods Vehicle': 'pending_fine_tune', 'FARM VEHICLE': 'pending_fine_tune', 'evCAR': 'CAR', 'EMERGENCY VEHICLE': 'pending_fine_tune', 'E-RICKSAW': 'pending_fine_tune', 'City Bus': 'BUS', 'CAR': 'CAR', 'BRTS Bus': 'BUS', 'AUTO RICKSAW': 'pending_fine_tune', '2 WHEELER': 'MOTORCYCLE + BICYCLE (tracked separately)'}, 'pending_fine_tune': ['Slow Vehicle', 'Goods Vehicle', 'FARM VEHICLE', 'EMERGENCY VEHICLE', 'E-RICKSAW', 'AUTO RICKSAW']}, 'elapsed_seconds': 866.517086982727, 'generated_at': '2026-08-16T15:18:03.979868'}
Done. Results written to: /storage/users/oauser/mvsa/results/cvc_5_anchatgeri_road_cam_2_20260724_0804
{"run_name": "cvc_5_anchatgeri_road_cam_2_20260724_0804", "video_path": "/storage/users/oauser/mvsa/work/vehicle_converted/cvc_5_anchatgeri_road_cam_2_20260724_0804.mp4", "video_info": {"width": 2304, "height": 1296, "fps": 20.0, "frame_count": 35200}, "config_fps_used": 20.0, "start_datetime": "2026-07-24 08:04:03", "total_vehicle_entries": 480, "total_tracks_observed": 480, "counts_by_bucket": {"BUS": 76, "MOTORCYCLE": 298, "CAR": 105, "BICYCLE": 1}, "class_coverage": {"detected_buckets": ["BICYCLE", "MOTORCYCLE", "CAR", "BUS"], "requested_label_status": {"TAXI": "CAR", "Slow Vehicle": "pending_fine_tune", "School Bus": "BUS", "Private Bus": "BUS", "Mini Bus": "BUS", "KSRTC Bus": "BUS", "Goods Vehicle": "pending_fine_tune", "FARM VEHICLE": "pending_fine_tune", "evCAR": "CAR", "EMERGENCY VEHICLE": "pending_fine_tune", "E-RICKSAW": "pending_fine_tune", "City Bus": "BUS", "CAR": "CAR", "BRTS Bus": "BUS", "AUTO RICKSAW": "pending_fine_tune", "2 WHEELER": "MOTORCYCLE + BICYCLE (tracked separately)"}, "pending_fine_tune": ["Slow Vehicle", "Goods Vehicle", "FARM VEHICLE", "EMERGENCY VEHICLE", "E-RICKSAW", "AUTO RICKSAW"]}, "elapsed_seconds": 866.517086982727, "generated_at": "2026-08-16T15:18:03.979868"}
2026-08-16T22:18:04+00:00 stage=process ok
2026-08-16T22:18:04+00:00 results taxonomy populated
2026-08-16T22:18:04+00:00 cleanup: removed converted .mp4 /storage/users/oauser/mvsa/work/vehicle_converted/cvc_5_anchatgeri_road_cam_2_20260724_0804.mp4
