2026-08-17 06:34:53 [WARNING] mvsa: Dependency check: torch version is 2.3.0+cu121, expected 2.1.0+cu118 (the cluster's working environment). If this run is on the research server, verify nothing (e.g. pip installing insightface without --no-deps) upgraded it.
2026-08-17 06:34:54 [WARNING] mvsa: Dependency check: torchvision version is 0.18.0+cu121, expected 0.16.0+cu118 (the cluster's working environment). If this run is on the research server, verify nothing (e.g. pip installing insightface without --no-deps) upgraded it.
2026-08-17 06:34:54 [INFO] mvsa: Dependency check: numpy 1.26.1 OK
2026-08-17 06:34:54 [INFO] mvsa: Starting mode=detect run_name=peds_10_kle_technological_university_cam_1_20260728_0800_accuracyfix video=/storage/users/oauser/mvsa/work/converted/peds_10_kle_technological_university_cam_1_20260728_0800.mp4 (1920x1080, ~71996 frames, 20.0 fps)
2026-08-17 06:34:57 [INFO] mvsa: Loaded YOLO model yolo11x.pt (device=0, imgsz=1280, conf=0.35, classes=[0, 1, 2, 3, 5, 7], tracker=/storage/users/oauser/mvsa/config/tracking/pedestrian_bytetrack.yaml)
2026-08-17 06:35:20 [INFO] mvsa: Checkpoint saved at frame 500 -> /storage/users/oauser/mvsa/results/peds_10_kle_technological_university_cam_1_20260728_0800_accuracyfix/checkpoint.json
2026-08-17 06:35:42 [INFO] mvsa: Checkpoint saved at frame 1000 -> /storage/users/oauser/mvsa/results/peds_10_kle_technological_university_cam_1_20260728_0800_accuracyfix/checkpoint.json
2026-08-17 06:36:03 [INFO] mvsa: Checkpoint saved at frame 1500 -> /storage/users/oauser/mvsa/results/peds_10_kle_technological_university_cam_1_20260728_0800_accuracyfix/checkpoint.json
2026-08-17 06:36:25 [INFO] mvsa: Checkpoint saved at frame 2000 -> /storage/users/oauser/mvsa/results/peds_10_kle_technological_university_cam_1_20260728_0800_accuracyfix/checkpoint.json
2026-08-17 06:36:25 [INFO] mvsa: Progress: frame 2000/71996, counted=90, elapsed=87.2s
2026-08-17 06:36:45 [INFO] mvsa: Checkpoint saved at frame 2500 -> /storage/users/oauser/mvsa/results/peds_10_kle_technological_university_cam_1_20260728_0800_accuracyfix/checkpoint.json
2026-08-17 06:37:06 [INFO] mvsa: Checkpoint saved at frame 3000 -> /storage/users/oauser/mvsa/results/peds_10_kle_technological_university_cam_1_20260728_0800_accuracyfix/checkpoint.json
2026-08-17 06:37:31 [INFO] mvsa: Checkpoint saved at frame 3500 -> /storage/users/oauser/mvsa/results/peds_10_kle_technological_university_cam_1_20260728_0800_accuracyfix/checkpoint.json
2026-08-17 06:37:55 [INFO] mvsa: Checkpoint saved at frame 4000 -> /storage/users/oauser/mvsa/results/peds_10_kle_technological_university_cam_1_20260728_0800_accuracyfix/checkpoint.json
2026-08-17 06:37:55 [INFO] mvsa: Progress: frame 4000/71996, counted=156, elapsed=177.6s
2026-08-17 06:38:19 [INFO] mvsa: Checkpoint saved at frame 4500 -> /storage/users/oauser/mvsa/results/peds_10_kle_technological_university_cam_1_20260728_0800_accuracyfix/checkpoint.json
2026-08-17 06:38:43 [INFO] mvsa: Checkpoint saved at frame 5000 -> /storage/users/oauser/mvsa/results/peds_10_kle_technological_university_cam_1_20260728_0800_accuracyfix/checkpoint.json
2026-08-17 06:39:09 [INFO] mvsa: Checkpoint saved at frame 5500 -> /storage/users/oauser/mvsa/results/peds_10_kle_technological_university_cam_1_20260728_0800_accuracyfix/checkpoint.json
2026-08-17 06:39:36 [INFO] mvsa: Checkpoint saved at frame 6000 -> /storage/users/oauser/mvsa/results/peds_10_kle_technological_university_cam_1_20260728_0800_accuracyfix/checkpoint.json
2026-08-17 06:39:36 [INFO] mvsa: Progress: frame 6000/71996, counted=233, elapsed=278.4s
2026-08-17 06:40:03 [INFO] mvsa: Checkpoint saved at frame 6500 -> /storage/users/oauser/mvsa/results/peds_10_kle_technological_university_cam_1_20260728_0800_accuracyfix/checkpoint.json
2026-08-17 06:40:32 [INFO] mvsa: Checkpoint saved at frame 7000 -> /storage/users/oauser/mvsa/results/peds_10_kle_technological_university_cam_1_20260728_0800_accuracyfix/checkpoint.json
2026-08-17 06:41:00 [INFO] mvsa: Checkpoint saved at frame 7500 -> /storage/users/oauser/mvsa/results/peds_10_kle_technological_university_cam_1_20260728_0800_accuracyfix/checkpoint.json
2026-08-17 06:41:31 [INFO] mvsa: Checkpoint saved at frame 8000 -> /storage/users/oauser/mvsa/results/peds_10_kle_technological_university_cam_1_20260728_0800_accuracyfix/checkpoint.json
2026-08-17 06:41:31 [INFO] mvsa: Progress: frame 8000/71996, counted=300, elapsed=393.5s
2026-08-17 06:41:59 [INFO] mvsa: Checkpoint saved at frame 8500 -> /storage/users/oauser/mvsa/results/peds_10_kle_technological_university_cam_1_20260728_0800_accuracyfix/checkpoint.json
2026-08-17 06:42:29 [INFO] mvsa: Checkpoint saved at frame 9000 -> /storage/users/oauser/mvsa/results/peds_10_kle_technological_university_cam_1_20260728_0800_accuracyfix/checkpoint.json
2026-08-17 06:42:56 [INFO] mvsa: Checkpoint saved at frame 9500 -> /storage/users/oauser/mvsa/results/peds_10_kle_technological_university_cam_1_20260728_0800_accuracyfix/checkpoint.json
2026-08-17 06:43:27 [INFO] mvsa: Checkpoint saved at frame 10000 -> /storage/users/oauser/mvsa/results/peds_10_kle_technological_university_cam_1_20260728_0800_accuracyfix/checkpoint.json
2026-08-17 06:43:27 [INFO] mvsa: Progress: frame 10000/71996, counted=384, elapsed=509.3s
2026-08-17 06:43:56 [INFO] mvsa: Checkpoint saved at frame 10500 -> /storage/users/oauser/mvsa/results/peds_10_kle_technological_university_cam_1_20260728_0800_accuracyfix/checkpoint.json
2026-08-17 06:44:25 [INFO] mvsa: Checkpoint saved at frame 11000 -> /storage/users/oauser/mvsa/results/peds_10_kle_technological_university_cam_1_20260728_0800_accuracyfix/checkpoint.json
2026-08-17 06:44:58 [INFO] mvsa: Checkpoint saved at frame 11500 -> /storage/users/oauser/mvsa/results/peds_10_kle_technological_university_cam_1_20260728_0800_accuracyfix/checkpoint.json
2026-08-17 06:45:34 [INFO] mvsa: Checkpoint saved at frame 12000 -> /storage/users/oauser/mvsa/results/peds_10_kle_technological_university_cam_1_20260728_0800_accuracyfix/checkpoint.json
2026-08-17 06:45:34 [INFO] mvsa: Progress: frame 12000/71996, counted=558, elapsed=636.2s
2026-08-17 06:46:06 [INFO] mvsa: Checkpoint saved at frame 12500 -> /storage/users/oauser/mvsa/results/peds_10_kle_technological_university_cam_1_20260728_0800_accuracyfix/checkpoint.json
2026-08-17 06:46:35 [INFO] mvsa: Checkpoint saved at frame 13000 -> /storage/users/oauser/mvsa/results/peds_10_kle_technological_university_cam_1_20260728_0800_accuracyfix/checkpoint.json
2026-08-17 06:47:07 [INFO] mvsa: Checkpoint saved at frame 13500 -> /storage/users/oauser/mvsa/results/peds_10_kle_technological_university_cam_1_20260728_0800_accuracyfix/checkpoint.json
2026-08-17 06:47:38 [INFO] mvsa: Checkpoint saved at frame 14000 -> /storage/users/oauser/mvsa/results/peds_10_kle_technological_university_cam_1_20260728_0800_accuracyfix/checkpoint.json
2026-08-17 06:47:38 [INFO] mvsa: Progress: frame 14000/71996, counted=660, elapsed=760.5s
2026-08-17 06:48:09 [INFO] mvsa: Checkpoint saved at frame 14500 -> /storage/users/oauser/mvsa/results/peds_10_kle_technological_university_cam_1_20260728_0800_accuracyfix/checkpoint.json
2026-08-17 06:48:39 [INFO] mvsa: Checkpoint saved at frame 15000 -> /storage/users/oauser/mvsa/results/peds_10_kle_technological_university_cam_1_20260728_0800_accuracyfix/checkpoint.json
2026-08-17 06:49:10 [INFO] mvsa: Checkpoint saved at frame 15500 -> /storage/users/oauser/mvsa/results/peds_10_kle_technological_university_cam_1_20260728_0800_accuracyfix/checkpoint.json
2026-08-17 06:49:39 [INFO] mvsa: Checkpoint saved at frame 16000 -> /storage/users/oauser/mvsa/results/peds_10_kle_technological_university_cam_1_20260728_0800_accuracyfix/checkpoint.json
2026-08-17 06:49:39 [INFO] mvsa: Progress: frame 16000/71996, counted=829, elapsed=882.0s
2026-08-17 06:50:09 [INFO] mvsa: Checkpoint saved at frame 16500 -> /storage/users/oauser/mvsa/results/peds_10_kle_technological_university_cam_1_20260728_0800_accuracyfix/checkpoint.json
2026-08-17 06:50:39 [INFO] mvsa: Checkpoint saved at frame 17000 -> /storage/users/oauser/mvsa/results/peds_10_kle_technological_university_cam_1_20260728_0800_accuracyfix/checkpoint.json
2026-08-17 06:51:01 [INFO] mvsa: Checkpoint saved at frame 17500 -> /storage/users/oauser/mvsa/results/peds_10_kle_technological_university_cam_1_20260728_0800_accuracyfix/checkpoint.json
2026-08-17 06:51:23 [INFO] mvsa: Checkpoint saved at frame 18000 -> /storage/users/oauser/mvsa/results/peds_10_kle_technological_university_cam_1_20260728_0800_accuracyfix/checkpoint.json
2026-08-17 06:51:23 [INFO] mvsa: Progress: frame 18000/71996, counted=904, elapsed=985.3s
2026-08-17 06:51:45 [INFO] mvsa: Checkpoint saved at frame 18500 -> /storage/users/oauser/mvsa/results/peds_10_kle_technological_university_cam_1_20260728_0800_accuracyfix/checkpoint.json
2026-08-17 06:52:08 [INFO] mvsa: Checkpoint saved at frame 19000 -> /storage/users/oauser/mvsa/results/peds_10_kle_technological_university_cam_1_20260728_0800_accuracyfix/checkpoint.json
2026-08-17 06:52:31 [INFO] mvsa: Checkpoint saved at frame 19500 -> /storage/users/oauser/mvsa/results/peds_10_kle_technological_university_cam_1_20260728_0800_accuracyfix/checkpoint.json
2026-08-17 06:52:54 [INFO] mvsa: Checkpoint saved at frame 20000 -> /storage/users/oauser/mvsa/results/peds_10_kle_technological_university_cam_1_20260728_0800_accuracyfix/checkpoint.json
2026-08-17 06:52:54 [INFO] mvsa: Progress: frame 20000/71996, counted=997, elapsed=1076.6s
2026-08-17 06:53:17 [INFO] mvsa: Checkpoint saved at frame 20500 -> /storage/users/oauser/mvsa/results/peds_10_kle_technological_university_cam_1_20260728_0800_accuracyfix/checkpoint.json
2026-08-17 06:53:41 [INFO] mvsa: Checkpoint saved at frame 21000 -> /storage/users/oauser/mvsa/results/peds_10_kle_technological_university_cam_1_20260728_0800_accuracyfix/checkpoint.json
2026-08-17 06:54:04 [INFO] mvsa: Checkpoint saved at frame 21500 -> /storage/users/oauser/mvsa/results/peds_10_kle_technological_university_cam_1_20260728_0800_accuracyfix/checkpoint.json
2026-08-17 06:54:27 [INFO] mvsa: Checkpoint saved at frame 22000 -> /storage/users/oauser/mvsa/results/peds_10_kle_technological_university_cam_1_20260728_0800_accuracyfix/checkpoint.json
2026-08-17 06:54:27 [INFO] mvsa: Progress: frame 22000/71996, counted=1087, elapsed=1169.7s
2026-08-17 06:54:50 [INFO] mvsa: Checkpoint saved at frame 22500 -> /storage/users/oauser/mvsa/results/peds_10_kle_technological_university_cam_1_20260728_0800_accuracyfix/checkpoint.json
2026-08-17 06:55:13 [INFO] mvsa: Checkpoint saved at frame 23000 -> /storage/users/oauser/mvsa/results/peds_10_kle_technological_university_cam_1_20260728_0800_accuracyfix/checkpoint.json
2026-08-17 06:55:37 [INFO] mvsa: Checkpoint saved at frame 23500 -> /storage/users/oauser/mvsa/results/peds_10_kle_technological_university_cam_1_20260728_0800_accuracyfix/checkpoint.json
2026-08-17 06:56:01 [INFO] mvsa: Checkpoint saved at frame 24000 -> /storage/users/oauser/mvsa/results/peds_10_kle_technological_university_cam_1_20260728_0800_accuracyfix/checkpoint.json
2026-08-17 06:56:01 [INFO] mvsa: Progress: frame 24000/71996, counted=1277, elapsed=1263.7s
2026-08-17 06:56:26 [INFO] mvsa: Checkpoint saved at frame 24500 -> /storage/users/oauser/mvsa/results/peds_10_kle_technological_university_cam_1_20260728_0800_accuracyfix/checkpoint.json
2026-08-17 06:56:50 [INFO] mvsa: Checkpoint saved at frame 25000 -> /storage/users/oauser/mvsa/results/peds_10_kle_technological_university_cam_1_20260728_0800_accuracyfix/checkpoint.json
2026-08-17 06:57:13 [INFO] mvsa: Checkpoint saved at frame 25500 -> /storage/users/oauser/mvsa/results/peds_10_kle_technological_university_cam_1_20260728_0800_accuracyfix/checkpoint.json
2026-08-17 06:57:37 [INFO] mvsa: Checkpoint saved at frame 26000 -> /storage/users/oauser/mvsa/results/peds_10_kle_technological_university_cam_1_20260728_0800_accuracyfix/checkpoint.json
2026-08-17 06:57:37 [INFO] mvsa: Progress: frame 26000/71996, counted=1451, elapsed=1359.3s
2026-08-17 06:58:00 [INFO] mvsa: Checkpoint saved at frame 26500 -> /storage/users/oauser/mvsa/results/peds_10_kle_technological_university_cam_1_20260728_0800_accuracyfix/checkpoint.json
2026-08-17 06:58:23 [INFO] mvsa: Checkpoint saved at frame 27000 -> /storage/users/oauser/mvsa/results/peds_10_kle_technological_university_cam_1_20260728_0800_accuracyfix/checkpoint.json
2026-08-17 06:58:47 [INFO] mvsa: Checkpoint saved at frame 27500 -> /storage/users/oauser/mvsa/results/peds_10_kle_technological_university_cam_1_20260728_0800_accuracyfix/checkpoint.json
2026-08-17 06:59:11 [INFO] mvsa: Checkpoint saved at frame 28000 -> /storage/users/oauser/mvsa/results/peds_10_kle_technological_university_cam_1_20260728_0800_accuracyfix/checkpoint.json
2026-08-17 06:59:11 [INFO] mvsa: Progress: frame 28000/71996, counted=1594, elapsed=1453.3s
2026-08-17 06:59:34 [INFO] mvsa: Checkpoint saved at frame 28500 -> /storage/users/oauser/mvsa/results/peds_10_kle_technological_university_cam_1_20260728_0800_accuracyfix/checkpoint.json
2026-08-17 06:59:58 [INFO] mvsa: Checkpoint saved at frame 29000 -> /storage/users/oauser/mvsa/results/peds_10_kle_technological_university_cam_1_20260728_0800_accuracyfix/checkpoint.json
2026-08-17 07:00:22 [INFO] mvsa: Checkpoint saved at frame 29500 -> /storage/users/oauser/mvsa/results/peds_10_kle_technological_university_cam_1_20260728_0800_accuracyfix/checkpoint.json
2026-08-17 07:00:46 [INFO] mvsa: Checkpoint saved at frame 30000 -> /storage/users/oauser/mvsa/results/peds_10_kle_technological_university_cam_1_20260728_0800_accuracyfix/checkpoint.json
2026-08-17 07:00:46 [INFO] mvsa: Progress: frame 30000/71996, counted=1767, elapsed=1548.6s
2026-08-17 07:01:11 [INFO] mvsa: Checkpoint saved at frame 30500 -> /storage/users/oauser/mvsa/results/peds_10_kle_technological_university_cam_1_20260728_0800_accuracyfix/checkpoint.json
2026-08-17 07:01:35 [INFO] mvsa: Checkpoint saved at frame 31000 -> /storage/users/oauser/mvsa/results/peds_10_kle_technological_university_cam_1_20260728_0800_accuracyfix/checkpoint.json
2026-08-17 07:01:59 [INFO] mvsa: Checkpoint saved at frame 31500 -> /storage/users/oauser/mvsa/results/peds_10_kle_technological_university_cam_1_20260728_0800_accuracyfix/checkpoint.json
2026-08-17 07:02:23 [INFO] mvsa: Checkpoint saved at frame 32000 -> /storage/users/oauser/mvsa/results/peds_10_kle_technological_university_cam_1_20260728_0800_accuracyfix/checkpoint.json
2026-08-17 07:02:23 [INFO] mvsa: Progress: frame 32000/71996, counted=1941, elapsed=1645.8s
2026-08-17 07:02:48 [INFO] mvsa: Checkpoint saved at frame 32500 -> /storage/users/oauser/mvsa/results/peds_10_kle_technological_university_cam_1_20260728_0800_accuracyfix/checkpoint.json
2026-08-17 07:03:13 [INFO] mvsa: Checkpoint saved at frame 33000 -> /storage/users/oauser/mvsa/results/peds_10_kle_technological_university_cam_1_20260728_0800_accuracyfix/checkpoint.json
2026-08-17 07:03:36 [INFO] mvsa: Checkpoint saved at frame 33500 -> /storage/users/oauser/mvsa/results/peds_10_kle_technological_university_cam_1_20260728_0800_accuracyfix/checkpoint.json
2026-08-17 07:04:00 [INFO] mvsa: Checkpoint saved at frame 34000 -> /storage/users/oauser/mvsa/results/peds_10_kle_technological_university_cam_1_20260728_0800_accuracyfix/checkpoint.json
2026-08-17 07:04:00 [INFO] mvsa: Progress: frame 34000/71996, counted=2115, elapsed=1742.9s
2026-08-17 07:04:24 [INFO] mvsa: Checkpoint saved at frame 34500 -> /storage/users/oauser/mvsa/results/peds_10_kle_technological_university_cam_1_20260728_0800_accuracyfix/checkpoint.json
2026-08-17 07:04:49 [INFO] mvsa: Checkpoint saved at frame 35000 -> /storage/users/oauser/mvsa/results/peds_10_kle_technological_university_cam_1_20260728_0800_accuracyfix/checkpoint.json
2026-08-17 07:05:14 [INFO] mvsa: Checkpoint saved at frame 35500 -> /storage/users/oauser/mvsa/results/peds_10_kle_technological_university_cam_1_20260728_0800_accuracyfix/checkpoint.json
2026-08-17 07:05:39 [INFO] mvsa: Checkpoint saved at frame 36000 -> /storage/users/oauser/mvsa/results/peds_10_kle_technological_university_cam_1_20260728_0800_accuracyfix/checkpoint.json
2026-08-17 07:05:39 [INFO] mvsa: Progress: frame 36000/71996, counted=2231, elapsed=1841.4s
2026-08-17 07:06:03 [INFO] mvsa: Checkpoint saved at frame 36500 -> /storage/users/oauser/mvsa/results/peds_10_kle_technological_university_cam_1_20260728_0800_accuracyfix/checkpoint.json
2026-08-17 07:06:28 [INFO] mvsa: Checkpoint saved at frame 37000 -> /storage/users/oauser/mvsa/results/peds_10_kle_technological_university_cam_1_20260728_0800_accuracyfix/checkpoint.json
2026-08-17 07:06:53 [INFO] mvsa: Checkpoint saved at frame 37500 -> /storage/users/oauser/mvsa/results/peds_10_kle_technological_university_cam_1_20260728_0800_accuracyfix/checkpoint.json
2026-08-17 07:07:17 [INFO] mvsa: Checkpoint saved at frame 38000 -> /storage/users/oauser/mvsa/results/peds_10_kle_technological_university_cam_1_20260728_0800_accuracyfix/checkpoint.json
2026-08-17 07:07:17 [INFO] mvsa: Progress: frame 38000/71996, counted=2376, elapsed=1939.9s
2026-08-17 07:07:42 [INFO] mvsa: Checkpoint saved at frame 38500 -> /storage/users/oauser/mvsa/results/peds_10_kle_technological_university_cam_1_20260728_0800_accuracyfix/checkpoint.json
2026-08-17 07:08:07 [INFO] mvsa: Checkpoint saved at frame 39000 -> /storage/users/oauser/mvsa/results/peds_10_kle_technological_university_cam_1_20260728_0800_accuracyfix/checkpoint.json
2026-08-17 07:08:31 [INFO] mvsa: Checkpoint saved at frame 39500 -> /storage/users/oauser/mvsa/results/peds_10_kle_technological_university_cam_1_20260728_0800_accuracyfix/checkpoint.json
2026-08-17 07:08:54 [INFO] mvsa: Checkpoint saved at frame 40000 -> /storage/users/oauser/mvsa/results/peds_10_kle_technological_university_cam_1_20260728_0800_accuracyfix/checkpoint.json
2026-08-17 07:08:54 [INFO] mvsa: Progress: frame 40000/71996, counted=2506, elapsed=2037.0s
2026-08-17 07:09:18 [INFO] mvsa: Checkpoint saved at frame 40500 -> /storage/users/oauser/mvsa/results/peds_10_kle_technological_university_cam_1_20260728_0800_accuracyfix/checkpoint.json
2026-08-17 07:09:44 [INFO] mvsa: Checkpoint saved at frame 41000 -> /storage/users/oauser/mvsa/results/peds_10_kle_technological_university_cam_1_20260728_0800_accuracyfix/checkpoint.json
2026-08-17 07:10:10 [INFO] mvsa: Checkpoint saved at frame 41500 -> /storage/users/oauser/mvsa/results/peds_10_kle_technological_university_cam_1_20260728_0800_accuracyfix/checkpoint.json
2026-08-17 07:10:35 [INFO] mvsa: Checkpoint saved at frame 42000 -> /storage/users/oauser/mvsa/results/peds_10_kle_technological_university_cam_1_20260728_0800_accuracyfix/checkpoint.json
2026-08-17 07:10:35 [INFO] mvsa: Progress: frame 42000/71996, counted=2702, elapsed=2137.9s
2026-08-17 07:11:01 [INFO] mvsa: Checkpoint saved at frame 42500 -> /storage/users/oauser/mvsa/results/peds_10_kle_technological_university_cam_1_20260728_0800_accuracyfix/checkpoint.json
2026-08-17 07:11:26 [INFO] mvsa: Checkpoint saved at frame 43000 -> /storage/users/oauser/mvsa/results/peds_10_kle_technological_university_cam_1_20260728_0800_accuracyfix/checkpoint.json
2026-08-17 07:11:52 [INFO] mvsa: Checkpoint saved at frame 43500 -> /storage/users/oauser/mvsa/results/peds_10_kle_technological_university_cam_1_20260728_0800_accuracyfix/checkpoint.json
2026-08-17 07:12:17 [INFO] mvsa: Checkpoint saved at frame 44000 -> /storage/users/oauser/mvsa/results/peds_10_kle_technological_university_cam_1_20260728_0800_accuracyfix/checkpoint.json
2026-08-17 07:12:17 [INFO] mvsa: Progress: frame 44000/71996, counted=2895, elapsed=2240.0s
2026-08-17 07:12:42 [INFO] mvsa: Checkpoint saved at frame 44500 -> /storage/users/oauser/mvsa/results/peds_10_kle_technological_university_cam_1_20260728_0800_accuracyfix/checkpoint.json
2026-08-17 07:13:08 [INFO] mvsa: Checkpoint saved at frame 45000 -> /storage/users/oauser/mvsa/results/peds_10_kle_technological_university_cam_1_20260728_0800_accuracyfix/checkpoint.json
2026-08-17 07:13:34 [INFO] mvsa: Checkpoint saved at frame 45500 -> /storage/users/oauser/mvsa/results/peds_10_kle_technological_university_cam_1_20260728_0800_accuracyfix/checkpoint.json
2026-08-17 07:13:58 [INFO] mvsa: Checkpoint saved at frame 46000 -> /storage/users/oauser/mvsa/results/peds_10_kle_technological_university_cam_1_20260728_0800_accuracyfix/checkpoint.json
2026-08-17 07:13:58 [INFO] mvsa: Progress: frame 46000/71996, counted=3022, elapsed=2341.1s
2026-08-17 07:14:25 [INFO] mvsa: Checkpoint saved at frame 46500 -> /storage/users/oauser/mvsa/results/peds_10_kle_technological_university_cam_1_20260728_0800_accuracyfix/checkpoint.json
2026-08-17 07:14:51 [INFO] mvsa: Checkpoint saved at frame 47000 -> /storage/users/oauser/mvsa/results/peds_10_kle_technological_university_cam_1_20260728_0800_accuracyfix/checkpoint.json
2026-08-17 07:15:17 [INFO] mvsa: Checkpoint saved at frame 47500 -> /storage/users/oauser/mvsa/results/peds_10_kle_technological_university_cam_1_20260728_0800_accuracyfix/checkpoint.json
2026-08-17 07:15:43 [INFO] mvsa: Checkpoint saved at frame 48000 -> /storage/users/oauser/mvsa/results/peds_10_kle_technological_university_cam_1_20260728_0800_accuracyfix/checkpoint.json
2026-08-17 07:15:43 [INFO] mvsa: Progress: frame 48000/71996, counted=3125, elapsed=2445.9s
2026-08-17 07:16:10 [INFO] mvsa: Checkpoint saved at frame 48500 -> /storage/users/oauser/mvsa/results/peds_10_kle_technological_university_cam_1_20260728_0800_accuracyfix/checkpoint.json
2026-08-17 07:16:36 [INFO] mvsa: Checkpoint saved at frame 49000 -> /storage/users/oauser/mvsa/results/peds_10_kle_technological_university_cam_1_20260728_0800_accuracyfix/checkpoint.json
2026-08-17 07:17:02 [INFO] mvsa: Checkpoint saved at frame 49500 -> /storage/users/oauser/mvsa/results/peds_10_kle_technological_university_cam_1_20260728_0800_accuracyfix/checkpoint.json
2026-08-17 07:17:29 [INFO] mvsa: Checkpoint saved at frame 50000 -> /storage/users/oauser/mvsa/results/peds_10_kle_technological_university_cam_1_20260728_0800_accuracyfix/checkpoint.json
2026-08-17 07:17:29 [INFO] mvsa: Progress: frame 50000/71996, counted=3253, elapsed=2551.5s
2026-08-17 07:17:56 [INFO] mvsa: Checkpoint saved at frame 50500 -> /storage/users/oauser/mvsa/results/peds_10_kle_technological_university_cam_1_20260728_0800_accuracyfix/checkpoint.json
2026-08-17 07:18:22 [INFO] mvsa: Checkpoint saved at frame 51000 -> /storage/users/oauser/mvsa/results/peds_10_kle_technological_university_cam_1_20260728_0800_accuracyfix/checkpoint.json
2026-08-17 07:18:49 [INFO] mvsa: Checkpoint saved at frame 51500 -> /storage/users/oauser/mvsa/results/peds_10_kle_technological_university_cam_1_20260728_0800_accuracyfix/checkpoint.json
2026-08-17 07:19:15 [INFO] mvsa: Checkpoint saved at frame 52000 -> /storage/users/oauser/mvsa/results/peds_10_kle_technological_university_cam_1_20260728_0800_accuracyfix/checkpoint.json
2026-08-17 07:19:15 [INFO] mvsa: Progress: frame 52000/71996, counted=3445, elapsed=2658.2s
2026-08-17 07:19:42 [INFO] mvsa: Checkpoint saved at frame 52500 -> /storage/users/oauser/mvsa/results/peds_10_kle_technological_university_cam_1_20260728_0800_accuracyfix/checkpoint.json
2026-08-17 07:20:09 [INFO] mvsa: Checkpoint saved at frame 53000 -> /storage/users/oauser/mvsa/results/peds_10_kle_technological_university_cam_1_20260728_0800_accuracyfix/checkpoint.json
2026-08-17 07:20:36 [INFO] mvsa: Checkpoint saved at frame 53500 -> /storage/users/oauser/mvsa/results/peds_10_kle_technological_university_cam_1_20260728_0800_accuracyfix/checkpoint.json
2026-08-17 07:21:03 [INFO] mvsa: Checkpoint saved at frame 54000 -> /storage/users/oauser/mvsa/results/peds_10_kle_technological_university_cam_1_20260728_0800_accuracyfix/checkpoint.json
2026-08-17 07:21:03 [INFO] mvsa: Progress: frame 54000/71996, counted=3603, elapsed=2765.8s
2026-08-17 07:21:30 [INFO] mvsa: Checkpoint saved at frame 54500 -> /storage/users/oauser/mvsa/results/peds_10_kle_technological_university_cam_1_20260728_0800_accuracyfix/checkpoint.json
2026-08-17 07:21:56 [INFO] mvsa: Checkpoint saved at frame 55000 -> /storage/users/oauser/mvsa/results/peds_10_kle_technological_university_cam_1_20260728_0800_accuracyfix/checkpoint.json
2026-08-17 07:22:23 [INFO] mvsa: Checkpoint saved at frame 55500 -> /storage/users/oauser/mvsa/results/peds_10_kle_technological_university_cam_1_20260728_0800_accuracyfix/checkpoint.json
2026-08-17 07:22:50 [INFO] mvsa: Checkpoint saved at frame 56000 -> /storage/users/oauser/mvsa/results/peds_10_kle_technological_university_cam_1_20260728_0800_accuracyfix/checkpoint.json
2026-08-17 07:22:50 [INFO] mvsa: Progress: frame 56000/71996, counted=3708, elapsed=2872.7s
2026-08-17 07:23:17 [INFO] mvsa: Checkpoint saved at frame 56500 -> /storage/users/oauser/mvsa/results/peds_10_kle_technological_university_cam_1_20260728_0800_accuracyfix/checkpoint.json
2026-08-17 07:23:44 [INFO] mvsa: Checkpoint saved at frame 57000 -> /storage/users/oauser/mvsa/results/peds_10_kle_technological_university_cam_1_20260728_0800_accuracyfix/checkpoint.json
2026-08-17 07:24:11 [INFO] mvsa: Checkpoint saved at frame 57500 -> /storage/users/oauser/mvsa/results/peds_10_kle_technological_university_cam_1_20260728_0800_accuracyfix/checkpoint.json
2026-08-17 07:24:38 [INFO] mvsa: Checkpoint saved at frame 58000 -> /storage/users/oauser/mvsa/results/peds_10_kle_technological_university_cam_1_20260728_0800_accuracyfix/checkpoint.json
2026-08-17 07:24:38 [INFO] mvsa: Progress: frame 58000/71996, counted=3892, elapsed=2980.7s
2026-08-17 07:25:05 [INFO] mvsa: Checkpoint saved at frame 58500 -> /storage/users/oauser/mvsa/results/peds_10_kle_technological_university_cam_1_20260728_0800_accuracyfix/checkpoint.json
2026-08-17 07:25:32 [INFO] mvsa: Checkpoint saved at frame 59000 -> /storage/users/oauser/mvsa/results/peds_10_kle_technological_university_cam_1_20260728_0800_accuracyfix/checkpoint.json
2026-08-17 07:25:59 [INFO] mvsa: Checkpoint saved at frame 59500 -> /storage/users/oauser/mvsa/results/peds_10_kle_technological_university_cam_1_20260728_0800_accuracyfix/checkpoint.json
2026-08-17 07:26:27 [INFO] mvsa: Checkpoint saved at frame 60000 -> /storage/users/oauser/mvsa/results/peds_10_kle_technological_university_cam_1_20260728_0800_accuracyfix/checkpoint.json
2026-08-17 07:26:27 [INFO] mvsa: Progress: frame 60000/71996, counted=4057, elapsed=3089.6s
2026-08-17 07:26:53 [INFO] mvsa: Checkpoint saved at frame 60500 -> /storage/users/oauser/mvsa/results/peds_10_kle_technological_university_cam_1_20260728_0800_accuracyfix/checkpoint.json
2026-08-17 07:27:20 [INFO] mvsa: Checkpoint saved at frame 61000 -> /storage/users/oauser/mvsa/results/peds_10_kle_technological_university_cam_1_20260728_0800_accuracyfix/checkpoint.json
2026-08-17 07:27:47 [INFO] mvsa: Checkpoint saved at frame 61500 -> /storage/users/oauser/mvsa/results/peds_10_kle_technological_university_cam_1_20260728_0800_accuracyfix/checkpoint.json
2026-08-17 07:28:15 [INFO] mvsa: Checkpoint saved at frame 62000 -> /storage/users/oauser/mvsa/results/peds_10_kle_technological_university_cam_1_20260728_0800_accuracyfix/checkpoint.json
2026-08-17 07:28:15 [INFO] mvsa: Progress: frame 62000/71996, counted=4193, elapsed=3197.3s
2026-08-17 07:28:43 [INFO] mvsa: Checkpoint saved at frame 62500 -> /storage/users/oauser/mvsa/results/peds_10_kle_technological_university_cam_1_20260728_0800_accuracyfix/checkpoint.json
2026-08-17 07:29:11 [INFO] mvsa: Checkpoint saved at frame 63000 -> /storage/users/oauser/mvsa/results/peds_10_kle_technological_university_cam_1_20260728_0800_accuracyfix/checkpoint.json
2026-08-17 07:29:38 [INFO] mvsa: Checkpoint saved at frame 63500 -> /storage/users/oauser/mvsa/results/peds_10_kle_technological_university_cam_1_20260728_0800_accuracyfix/checkpoint.json
2026-08-17 07:30:06 [INFO] mvsa: Checkpoint saved at frame 64000 -> /storage/users/oauser/mvsa/results/peds_10_kle_technological_university_cam_1_20260728_0800_accuracyfix/checkpoint.json
2026-08-17 07:30:06 [INFO] mvsa: Progress: frame 64000/71996, counted=4398, elapsed=3309.1s
2026-08-17 07:30:35 [INFO] mvsa: Checkpoint saved at frame 64500 -> /storage/users/oauser/mvsa/results/peds_10_kle_technological_university_cam_1_20260728_0800_accuracyfix/checkpoint.json
2026-08-17 07:31:02 [INFO] mvsa: Checkpoint saved at frame 65000 -> /storage/users/oauser/mvsa/results/peds_10_kle_technological_university_cam_1_20260728_0800_accuracyfix/checkpoint.json
2026-08-17 07:31:30 [INFO] mvsa: Checkpoint saved at frame 65500 -> /storage/users/oauser/mvsa/results/peds_10_kle_technological_university_cam_1_20260728_0800_accuracyfix/checkpoint.json
2026-08-17 07:31:58 [INFO] mvsa: Checkpoint saved at frame 66000 -> /storage/users/oauser/mvsa/results/peds_10_kle_technological_university_cam_1_20260728_0800_accuracyfix/checkpoint.json
2026-08-17 07:31:58 [INFO] mvsa: Progress: frame 66000/71996, counted=4559, elapsed=3420.9s
2026-08-17 07:32:26 [INFO] mvsa: Checkpoint saved at frame 66500 -> /storage/users/oauser/mvsa/results/peds_10_kle_technological_university_cam_1_20260728_0800_accuracyfix/checkpoint.json
2026-08-17 07:32:55 [INFO] mvsa: Checkpoint saved at frame 67000 -> /storage/users/oauser/mvsa/results/peds_10_kle_technological_university_cam_1_20260728_0800_accuracyfix/checkpoint.json
2026-08-17 07:33:24 [INFO] mvsa: Checkpoint saved at frame 67500 -> /storage/users/oauser/mvsa/results/peds_10_kle_technological_university_cam_1_20260728_0800_accuracyfix/checkpoint.json
2026-08-17 07:33:53 [INFO] mvsa: Checkpoint saved at frame 68000 -> /storage/users/oauser/mvsa/results/peds_10_kle_technological_university_cam_1_20260728_0800_accuracyfix/checkpoint.json
2026-08-17 07:33:53 [INFO] mvsa: Progress: frame 68000/71996, counted=4724, elapsed=3535.7s
2026-08-17 07:34:22 [INFO] mvsa: Checkpoint saved at frame 68500 -> /storage/users/oauser/mvsa/results/peds_10_kle_technological_university_cam_1_20260728_0800_accuracyfix/checkpoint.json
2026-08-17 07:34:51 [INFO] mvsa: Checkpoint saved at frame 69000 -> /storage/users/oauser/mvsa/results/peds_10_kle_technological_university_cam_1_20260728_0800_accuracyfix/checkpoint.json
2026-08-17 07:35:20 [INFO] mvsa: Checkpoint saved at frame 69500 -> /storage/users/oauser/mvsa/results/peds_10_kle_technological_university_cam_1_20260728_0800_accuracyfix/checkpoint.json
2026-08-17 07:35:48 [INFO] mvsa: Checkpoint saved at frame 70000 -> /storage/users/oauser/mvsa/results/peds_10_kle_technological_university_cam_1_20260728_0800_accuracyfix/checkpoint.json
2026-08-17 07:35:48 [INFO] mvsa: Progress: frame 70000/71996, counted=4918, elapsed=3651.1s
2026-08-17 07:36:16 [INFO] mvsa: Checkpoint saved at frame 70500 -> /storage/users/oauser/mvsa/results/peds_10_kle_technological_university_cam_1_20260728_0800_accuracyfix/checkpoint.json
2026-08-17 07:36:45 [INFO] mvsa: Checkpoint saved at frame 71000 -> /storage/users/oauser/mvsa/results/peds_10_kle_technological_university_cam_1_20260728_0800_accuracyfix/checkpoint.json
2026-08-17 07:37:13 [INFO] mvsa: Checkpoint saved at frame 71500 -> /storage/users/oauser/mvsa/results/peds_10_kle_technological_university_cam_1_20260728_0800_accuracyfix/checkpoint.json
2026-08-17 07:37:41 [INFO] mvsa: Checkpoint saved at frame 71995 -> /storage/users/oauser/mvsa/results/peds_10_kle_technological_university_cam_1_20260728_0800_accuracyfix/checkpoint.json
2026-08-17 07:37:41 [INFO] mvsa: Finished mode=detect: 71996 frames processed in 3764.2s, 5075 pedestrians counted
2026-08-17 07:37:42 [INFO] mvsa: Rider filtering excluded 2783 of 5075 counted tracks from the pedestrian count (excluded statuses: ['rider', 'uncertain'])
2026-08-17 07:37:42 [INFO] mvsa: Wrote /storage/users/oauser/mvsa/results/peds_10_kle_technological_university_cam_1_20260728_0800_accuracyfix/classification_summary.json
2026-08-17 07:37:42 [INFO] mvsa: Wrote /storage/users/oauser/mvsa/results/peds_10_kle_technological_university_cam_1_20260728_0800_accuracyfix/hourly_pedestrian_counts.csv
2026-08-17 07:37:42 [INFO] mvsa: Wrote /storage/users/oauser/mvsa/results/peds_10_kle_technological_university_cam_1_20260728_0800_accuracyfix/tracks.csv
2026-08-17 07:37:44 [INFO] mvsa: Wrote /storage/users/oauser/mvsa/results/peds_10_kle_technological_university_cam_1_20260728_0800_accuracyfix/track_positions.json
2026-08-17 07:37:44 [INFO] mvsa: Wrote /storage/users/oauser/mvsa/results/peds_10_kle_technological_university_cam_1_20260728_0800_accuracyfix/run_summary.json
{"run_name": "peds_10_kle_technological_university_cam_1_20260728_0800_accuracyfix", "mode": "detect", "video_path": "/storage/users/oauser/mvsa/work/converted/peds_10_kle_technological_university_cam_1_20260728_0800.mp4", "video_info": {"width": 1920, "height": 1080, "fps": 20.0, "frame_count": 71996}, "config_fps_used": 20.0, "start_datetime": "2026-07-28 08:00:00", "total_pedestrian_entries": 2292, "total_tracks_observed": 24547, "rider_filtering_enabled": true, "demographics_enabled": false, "movement_direction_enabled": false, "movement_direction_breakdown": null, "elapsed_seconds": 3764.1950175762177, "generated_at": "2026-08-17T07:37:44.565640"}
